== مرحلهٔ ۳: بایگانی hamyar-grade9-2.4.5-debug.apk (72110272 بایت)
-- تلاش 1
asset hamyar-grade9-2.4.5-debug.apk not found in release ci-apk
   اندازهٔ روی ریلیز: 72110272
✓ آپلود ریلیز تأیید شد
آپلود شد: apk/grade9/hamyar-grade9-2.4.5-debug.apk (68.8 MB)
خواندن ناشناس: HTTP 206 — https://c539776.parspack.net/apk/grade9/hamyar-grade9-2.4.5-debug.apk
https://c539776.parspack.net/apk/grade9/hamyar-grade9-2.4.5-debug.apk
{
  "rowId": "app_release_grade9",
  "versionCode": 245,
  "versionName": "2.4.5",
  "min": 245,
  "forced": true,
  "size": 72110272,
  "sha256": "80cb9504c43c2ee314e89038f135f134a1add5c05a2cc13bad8f059914b6d66c",
  "externalUrl": "https://github.com/samanta-nz/com.hamyareman.ir/releases/download/ci-apk/hamyar-grade9-2.4.5-debug.apk",
  "internalUrl": "https://c539776.parspack.net/apk/grade9/hamyar-grade9-2.4.5-debug.apk",
  "checks": {
    "external": "HTTP 206",
    "internal": "HTTP 206"
  },
  "previous": {
    "latest": 244,
    "name": "2.4.4",
    "min": 244
  },
  "payload": {
    "latest": 245,
    "name": "2.4.5",
    "min": 245,
    "url": "https://github.com/samanta-nz/com.hamyareman.ir/releases/download/ci-apk/hamyar-grade9-2.4.5-debug.apk",
    "externalUrl": "https://github.com/samanta-nz/com.hamyareman.ir/releases/download/ci-apk/hamyar-grade9-2.4.5-debug.apk",
    "internalUrl": "https://c539776.parspack.net/apk/grade9/hamyar-grade9-2.4.5-debug.apk",
    "size": 72110272,
    "sha256": "80cb9504c43c2ee314e89038f135f134a1add5c05a2cc13bad8f059914b6d66c",
    "chan": "stable",
    "rollout": 100,
    "notes": [
      "رفع قطعی بسته‌شدن و اسکرول در پنجرهٔ موسیقی دروس یوگا و ورزش",
      "بهینه‌سازی کاشی پخش موسیقی در صفحهٔ بشنو و بخواب بدون لرزش و قفل صفحه",
      "پایداری کامل کنترل‌های پلیر و دکمهٔ بازگشت"
    ],
    "packageName": "com.hamyareman.p09",
    "gradeId": "grade9",
    "signingSha256": "5f091b6bf47d7294b37f8994099a6c88ac2e25182dd6cbe6a36da6b3bf804959"
  },
  "published": true
}
== مرحلهٔ ۳: بایگانی hamyar-grade9-2.4.5-debug.apk (72110272 بایت)
-- تلاش 1
   اندازهٔ روی ریلیز: 72110272
✓ آپلود ریلیز تأیید شد
از قبل موجود و یکسان: apk/grade9/hamyar-grade9-2.4.5-debug.apk
خواندن ناشناس: HTTP 206 — https://c539776.parspack.net/apk/grade9/hamyar-grade9-2.4.5-debug.apk
https://c539776.parspack.net/apk/grade9/hamyar-grade9-2.4.5-debug.apk
versionCode باید بزرگ‌تر شود: فعلی 245 → درخواستی 245
