== مرحلهٔ ۳: بایگانی hamyar-grade9-2.4-debug.apk (72091072 بایت)
-- تلاش 1
asset hamyar-grade9-2.4-debug.apk not found in release ci-apk
   اندازهٔ روی ریلیز: 72091072
✓ آپلود ریلیز تأیید شد
آپلود شد: apk/grade9/hamyar-grade9-2.4-debug.apk (68.8 MB)
خواندن ناشناس: HTTP 206 — https://c539776.parspack.net/apk/grade9/hamyar-grade9-2.4-debug.apk
https://c539776.parspack.net/apk/grade9/hamyar-grade9-2.4-debug.apk
{
  "rowId": "app_release_grade9",
  "versionCode": 240,
  "versionName": "2.4",
  "min": 0,
  "forced": false,
  "size": 72091072,
  "sha256": "391b91b938a8139876fa19975e5ce69aea16de5186cf997025d2f7a89fe52d7c",
  "externalUrl": "https://github.com/samanta-nz/com.hamyareman.ir/releases/download/ci-apk/hamyar-grade9-2.4-debug.apk",
  "internalUrl": "https://c539776.parspack.net/apk/grade9/hamyar-grade9-2.4-debug.apk",
  "checks": {
    "external": "HTTP 206",
    "internal": "HTTP 206"
  },
  "previous": {
    "latest": 233,
    "name": "2.3",
    "min": 233
  },
  "payload": {
    "latest": 240,
    "name": "2.4",
    "min": 0,
    "url": "https://github.com/samanta-nz/com.hamyareman.ir/releases/download/ci-apk/hamyar-grade9-2.4-debug.apk",
    "externalUrl": "https://github.com/samanta-nz/com.hamyareman.ir/releases/download/ci-apk/hamyar-grade9-2.4-debug.apk",
    "internalUrl": "https://c539776.parspack.net/apk/grade9/hamyar-grade9-2.4-debug.apk",
    "size": 72091072,
    "sha256": "391b91b938a8139876fa19975e5ce69aea16de5186cf997025d2f7a89fe52d7c",
    "chan": "stable",
    "rollout": 100,
    "notes": [
      "پالت اختصاصی iframeهای ورزش و حفظ تم سبز یوگا",
      "تنظیمات سرور و به‌روزرسانی با تایپوگرافی یکدست",
      "جایگزینی همراه من با صفحهٔ به‌زودی"
    ],
    "packageName": "com.hamyareman.p09",
    "gradeId": "grade9",
    "signingSha256": "5f091b6bf47d7294b37f8994099a6c88ac2e25182dd6cbe6a36da6b3bf804959"
  },
  "published": true
}
