== مرحلهٔ ۳: بایگانی hamyar-grade9-2.3-debug.apk (72123740 بایت)
-- تلاش 1
   اندازهٔ روی ریلیز: 72123740
✓ آپلود ریلیز تأیید شد
آپلود شد: apk/grade9/hamyar-grade9-2.3-debug.apk (68.8 MB)
خواندن ناشناس: HTTP 206 — https://c539776.parspack.net/apk/grade9/hamyar-grade9-2.3-debug.apk
https://c539776.parspack.net/apk/grade9/hamyar-grade9-2.3-debug.apk
{
  "rowId": "app_release_grade9",
  "versionCode": 232,
  "versionName": "2.3",
  "min": 232,
  "forced": true,
  "size": 72123740,
  "sha256": "590ffa686ecfc197c9d6b1099cbb0a84358f14fb2f28a703cbb37faee164b190",
  "externalUrl": "https://github.com/samanta-nz/com.hamyareman.ir/releases/download/ci-apk/hamyar-grade9-2.3-debug.apk",
  "internalUrl": "https://c539776.parspack.net/apk/grade9/hamyar-grade9-2.3-debug.apk",
  "checks": {
    "external": "HTTP 206",
    "internal": "HTTP 206"
  },
  "previous": {
    "latest": 231,
    "name": "2.3",
    "min": 231
  },
  "payload": {
    "latest": 232,
    "name": "2.3",
    "min": 232,
    "url": "https://github.com/samanta-nz/com.hamyareman.ir/releases/download/ci-apk/hamyar-grade9-2.3-debug.apk",
    "externalUrl": "https://github.com/samanta-nz/com.hamyareman.ir/releases/download/ci-apk/hamyar-grade9-2.3-debug.apk",
    "internalUrl": "https://c539776.parspack.net/apk/grade9/hamyar-grade9-2.3-debug.apk",
    "size": 72123740,
    "sha256": "590ffa686ecfc197c9d6b1099cbb0a84358f14fb2f28a703cbb37faee164b190",
    "chan": "stable",
    "rollout": 100,
    "notes": [
      "آپدیت اجباری نسخهٔ ۲٫۲",
      "میزبانی هم‌زمان روی سرور داخلی و خارجی"
    ],
    "packageName": "com.hamyareman.p09",
    "gradeId": "grade9",
    "signingSha256": "5f091b6bf47d7294b37f8994099a6c88ac2e25182dd6cbe6a36da6b3bf804959"
  },
  "published": true
}
